Starting test...
Error: 401 User not found.
